[luxury-barber.co.uk/book-an-appointment.html]
[backblue.gif]
[fade.gif]
[index.html]
[assets.squarespace.com/@sqs/polyfiller/1.6/legacy.js]
[assets.squarespace.com/universal/scripts-compressed/extract-css-runtime-eece41012801501a974d-min.en-US.js]
[assets.squarespace.com/@sqs/polyfiller/1.6/modern.js]
[assets.squarespace.com/universal/scripts-compressed/cldr-resource-pack-907dfe7701e90c1e5cbd-min.en-US.js]
[assets.squarespace.com/universal/scripts-compressed/common-vendors-stable-61293f01d648eef165fc-min.en-US.js]
[assets.squarespace.com/universal/scripts-compressed/extract-css-moment-js-vendor-6c569122bfa66a51a056-min.en-US.js]
[assets.squarespace.com/universal/styles-compressed/commerce-3521e0fe0f49a15e7694-min.en-US.css]
[assets.squarespace.com/universal/scripts-compressed/performance-e71b26781eaccf31f6f4-min.en-US.js]
[static1.squarespace.com/static/versioned-site-css/66bf56f904042f37893c3c18/95/5c5a519771c10ba3470d8101/66bf56f904042f37893c3c20/1601/site.css]
[cdnjs.cloudflare.com/ajax/libs/font-awesome/5.15.4/css/all.min.css]
[cdnjs.cloudflare.com/ajax/libs/aos/2.3.4/aos.css]
[assets.squarespace.com/universal/scripts-compressed/common-vendors-9d885b2cbf9c1a563d68-min.en-US.js]
[cdnjs.cloudflare.com/ajax/libs/aos/2.3.4/aos.js]
[images.squarespace-cdn.com/content/v1/66bf56f904042f37893c3c18/9760ba62-dd5b-46ef-bb6e-a4565ba92a48/FileStorage.DesignFile+12+(1)26f7.png]
[static1.squarespace.com/static/vta/5c5a519771c10ba3470d8101/versioned-assets/1736788689683-SD06JF3AZA8K2NM87NAI/static.css]
[luxury-barber.co.uk/index.html]
[assets.squarespace.com/universal/scripts-compressed/common-cd895dd8ee0265279e26-min.en-US.js]
[assets.squarespace.com/universal/scripts-compressed/commerce-cccdd592c225c04f8bd6-min.en-US.js]
[luxury-barber.co.uk/stories.html]
[luxury-barber.co.uk/pimlico-2.html]
[luxury-barber.co.uk/evolutionofbarbers.html]
[luxury-barber.co.uk/christmas-in-pimlico-1.html]
[luxury-barber.co.uk/blog.html]
[luxury-barber.co.uk/from-our-experts.html]
[luxury-barber.co.uk/another-day-another-cut.html]
[luxury-barber.co.uk/traditional-straight-razor-shaving.html]
[luxury-barber.co.uk/our-products.html]
[luxury-barber.co.uk/why-luxury.html]
[luxury-barber.co.uk/new-page-1.html]
[luxury-barber.co.uk/online-booking.html]
[luxury-barber.co.uk/beardcare.html]
[luxury-barber.co.uk/hidden-gem-in-pimlico.html]
[luxury-barber.co.uk/barbershop-1.html]
[luxury-barber.co.uk/december-barbers.html]
[luxury-barber.co.uk/localbarber.html]
[luxury-barber.co.uk/about-us.html]
[luxury-barber.co.uk/contact.html]
[luxury-barber.co.uk/cart.html]
[cdnjs.cloudflare.com/ajax/libs/font-awesome/6.0.0-beta3/css/all.min.css]
[images.squarespace-cdn.com/content/v1/66bf56f904042f37893c3c18/c15396ea-989f-4c00-a45e-8f4f68e515a4/imageedit_6_5817819591.png]
[luxury-barber.co.uk/gift-card.html]
[luxury-barber.co.uk/book-an-appointment.html]
[assets.squarespace.com/universal/images-v6/standard/icon_close_7_light.png]
[assets.squarespace.com/universal/styles-compressed/commerce-3521e0fe0f49a15e7694-min.en-US.css]
[assets.squarespace.com/universal/images-v6/damask/error-dark.png]
[luxury-barber.co.uk/appointments.html]
[assets.squarespace.com/universal/images-v6/damask/error-dark@2x.png]
[assets.squarespace.com/universal/images-v6/damask/play-button.png]
[assets.squarespace.com/universal/images-v6/damask/play-button@2x.png]
[assets.squarespace.com/universal/images-v6/damask/edit-aviary-light.png]
[assets.squarespace.com/universal/images-v6/damask/edit-aviary-light@2x.png]
[static1.squarespace.com/static/vta/5c5a519771c10ba3470d8101/scripts/site-bundle.03f6b4da1188b5006917209e252012ea.js]
[assets.squarespace.com/universal/images-v6/damask/edit-info-light.png]
[assets.squarespace.com/universal/images-v6/damask/edit-info-light@2x.png]
[assets.squarespace.com/universal/images-v6/damask/trash-9-light.png]
[assets.squarespace.com/universal/images-v6/damask/trash-9-light@2x.png]
[assets.squarespace.com/universal/images-v6/damask/trash-9-red.png]
[assets.squarespace.com/universal/images-v6/damask/trash-9-red@2x.png]
[assets.squarespace.com/universal/images-v6/damask/getty-16-light.png]
[assets.squarespace.com/universal/images-v6/damask/getty-32-light.png]
[assets.squarespace.com/universal/images-v6/damask/shopping-cart-16-light.png]
[assets.squarespace.com/universal/images-v6/damask/shopping-cart-32-light.png]
[assets.squarespace.com/universal/images-v6/icons/block-indicator-dark.png]
[assets.squarespace.com/universal/images-v6/icons/block-indicator-dark@2x.png]
[assets.squarespace.com/universal/images-v6/icons/opentable-icons.png]
[assets.squarespace.com/universal/images-v6/icons/icon-searchqueries-20-dark.png]
[assets.squarespace.com/universal/images-v6/icons/icon-searchqueries-20-light.png]
[assets.squarespace.com/universal/images-v6/icons/icon-video-24-light-solid.png]
[assets.squarespace.com/universal/images-v6/icons/icon-settings-16-light.png]
[i.ibb.co/yqTw64K/Untitled-design-2024-11-16-T160231-610.png]
[static1.squarespace.com/static/66bf56f904042f37893c3c18/t/66c0fab37e82d95440d9e5ac/1723923124199/FileStorage.DesignFile+19.png]
[static1.squarespace.com/static/versioned-site-css/66bf56f904042f37893c3c18/95/5c5a519771c10ba3470d8101/66bf56f904042f37893c3c20/1601/site.css]
[cdnjs.cloudflare.com/ajax/libs/font-awesome/5.15.4/css/all.min.css]
[cdnjs.cloudflare.com/ajax/libs/aos/2.3.4/aos.css]
[static1.squarespace.com/static/vta/5c5a519771c10ba3470d8101/versioned-assets/1736788689683-SD06JF3AZA8K2NM87NAI/static.css]
[images.squarespace-cdn.com/content/66bf56f904042f37893c3c18/1733794252291-JN3AKR4RRHEFBNO73LGI/WhatsApp+Image+2024-06-24+at+5.21.25+PM+(4)ee8a.jpg]
[assets.squarespace.com/universal/scripts-compressed/extract-css-runtime-6da956e2935446ea400e-min.en-US.js]
[i.ibb.co/hcZ9HTH/Whats-App-Image-2024-06-24-at-5-21-24-PM-1.jpg]
[i.ibb.co/dW4QtYw/imageedit-6-5817819591.png]
[cdnjs.cloudflare.com/ajax/libs/gsap/3.11.4/gsap.min.js]
[cdn.commoninja.com/sdk/latest/commonninja.js]
[images.squarespace-cdn.com/content/v1/66bf56f904042f37893c3c18/c16595f0-74a3-4586-963e-cd55f9ea758e/WhatsApp+Image+2024-09-06+at+00.35.12.jpg]
[images.squarespace-cdn.com/content/v1/66bf56f904042f37893c3c18/1c29cd9b-a15b-4ef5-a291-93869d298dcf/Untitled+design+(65).png]
[images.squarespace-cdn.com/content/v1/66bf56f904042f37893c3c18/b3787709-e602-446a-861a-a849a1f46f30/Untitled+design+(64).png]
[images.squarespace-cdn.com/content/v1/66bf56f904042f37893c3c18/3c9f99ab-548a-4174-9919-0229ddc80631/pixelcut-export.png]
[images.squarespace-cdn.com/content/v1/66bf56f904042f37893c3c18/1723986574392-ZXRGZ9NXGMMQN4KQYW1E/WhatsApp+Image+2024-06-24+at+5.20.28+PM+(2).jpg]
[images.squarespace-cdn.com/content/v1/66bf56f904042f37893c3c18/1723986575205-4A9125E4JGXB8M080TK2/WhatsApp+Image+2024-06-24+at+5.20.28+PM+(3).jpg]
[images.squarespace-cdn.com/content/v1/66bf56f904042f37893c3c18/1723986575782-YRPGMDH3KEZE9890CL95/WhatsApp+Image+2024-06-24+at+5.20.30+PM+(1).jpg]
[images.squarespace-cdn.com/content/v1/66bf56f904042f37893c3c18/1723986576804-L3N4TPSLHFZWO5IEKK01/WhatsApp+Image+2024-06-24+at+5.20.30+PM+(2).jpg]
[images.squarespace-cdn.com/content/v1/66bf56f904042f37893c3c18/1723986577163-1Y6YTUGSQ1SECVTSB8Z5/WhatsApp+Image+2024-06-24+at+5.20.30+PM.jpg]
[images.squarespace-cdn.com/content/v1/66bf56f904042f37893c3c18/1723986578215-KGJHNBINRTHQWRH6VCSI/WhatsApp+Image+2024-06-24+at+5.20.31+PM+(1).jpg]
[images.squarespace-cdn.com/content/v1/66bf56f904042f37893c3c18/1723986578612-96BGW9324JRTP88N906O/WhatsApp+Image+2024-06-24+at+5.20.31+PM.jpg]
[images.squarespace-cdn.com/content/v1/66bf56f904042f37893c3c18/1723986579803-4NQCBNEDPFJJWGZ59QCT/WhatsApp+Image+2024-06-24+at+5.21.22+PM+(1).jpg]
[images.squarespace-cdn.com/content/v1/66bf56f904042f37893c3c18/1723986580419-13D72RT8J9J2POPV8PPB/WhatsApp+Image+2024-06-24+at+5.21.22+PM+(2).jpg]
[images.squarespace-cdn.com/content/v1/66bf56f904042f37893c3c18/1723986581138-88UKDC9QZE3UGR4LZ3WD/WhatsApp+Image+2024-06-24+at+5.21.22+PM+(3).jpg]
[images.squarespace-cdn.com/content/v1/66bf56f904042f37893c3c18/1723986581971-TYHZUYEWJSJUOFTXKUTB/WhatsApp+Image+2024-06-24+at+5.21.22+PM.jpg]
[images.squarespace-cdn.com/content/v1/66bf56f904042f37893c3c18/1723986582812-8Q0LNQU6X6LOSCIAELFI/WhatsApp+Image+2024-06-24+at+5.21.23+PM+(1).jpg]
[images.squarespace-cdn.com/content/v1/66bf56f904042f37893c3c18/1723986583493-OH426SLLU8ZY46TTTKQC/WhatsApp+Image+2024-06-24+at+5.21.23+PM+(2).jpg]
[images.squarespace-cdn.com/content/v1/66bf56f904042f37893c3c18/1723986584526-9ENITO86JCNPEPKMR7EP/WhatsApp+Image+2024-06-24+at+5.21.23+PM+(3).jpg]
[images.squarespace-cdn.com/content/v1/66bf56f904042f37893c3c18/1723986585073-NCO0D3K7RDHOXKQ7TNNE/WhatsApp+Image+2024-06-24+at+5.21.23+PM+(4).jpg]
[images.squarespace-cdn.com/content/v1/66bf56f904042f37893c3c18/1723986585904-YB52FNM5PQVGS8DKRNN0/WhatsApp+Image+2024-06-24+at+5.21.23+PM.jpg]
[images.squarespace-cdn.com/content/v1/66bf56f904042f37893c3c18/1723986586566-V2CSMIVEY4BBICE55Y3F/WhatsApp+Image+2024-06-24+at+5.21.24+PM+(1).jpg]
[images.squarespace-cdn.com/content/v1/66bf56f904042f37893c3c18/1723986587314-KIQ7QO571QY3VK3MYFK6/WhatsApp+Image+2024-06-24+at+5.21.24+PM+(2).jpg]
[images.squarespace-cdn.com/content/v1/66bf56f904042f37893c3c18/1723986588387-H13UJIZHCIPYH1N91Z79/WhatsApp+Image+2024-06-24+at+5.21.24+PM+(3).jpg]
[images.squarespace-cdn.com/content/v1/66bf56f904042f37893c3c18/1723986589035-HXM062K3RP9FLX9E0MOH/WhatsApp+Image+2024-06-24+at+5.21.24+PM.jpg]
[images.squarespace-cdn.com/content/v1/66bf56f904042f37893c3c18/1723986589558-VC8U1HH5NGT9OHAA5EPC/WhatsApp+Image+2024-06-24+at+5.21.25+PM+(1).jpg]
[images.squarespace-cdn.com/content/v1/66bf56f904042f37893c3c18/1723986590338-4FBMBK0GXW7CPQGZCG7I/WhatsApp+Image+2024-06-24+at+5.21.25+PM+(2).jpg]
[images.squarespace-cdn.com/content/v1/66bf56f904042f37893c3c18/1723986591100-N86FK2YL9FSSLN7CJQJL/WhatsApp+Image+2024-06-24+at+5.21.25+PM+(3).jpg]
[images.squarespace-cdn.com/content/v1/66bf56f904042f37893c3c18/1723986591649-YACD36AM5KSBML0WMICQ/WhatsApp+Image+2024-06-24+at+5.21.25+PM+(4).jpg]
[images.squarespace-cdn.com/content/v1/66bf56f904042f37893c3c18/1723986592316-2VIRZP58MQQQ5BC0ZS06/WhatsApp+Image+2024-06-24+at+5.21.25+PM.jpg]
[images.squarespace-cdn.com/content/v1/66bf56f904042f37893c3c18/1723986593337-4SI61GRFGTPFB1LOT9D7/WhatsApp+Image+2024-06-24+at+5.21.26+PM+(1).jpg]
[images.squarespace-cdn.com/content/v1/66bf56f904042f37893c3c18/1723986594492-W99JU02VYCJDAP7SRDBE/WhatsApp+Image+2024-06-24+at+5.21.26+PM.jpg]
[images.squarespace-cdn.com/content/v1/66bf56f904042f37893c3c18/1724077750978-RK0EEMRL1MXY889QE67Q/WhatsApp+Image+2024-08-19+at+16.17.05.jpg]
[images.squarespace-cdn.com/content/v1/66bf56f904042f37893c3c18/1725379168719-CEHCT0QLVUA3C8T0KCLL/WhatsApp+Image+2024-09-03+at+18.59.08.jpg]
[images.squarespace-cdn.com/content/v1/66bf56f904042f37893c3c18/1725379200317-MDR3QREK2EGSX6FWELW8/WhatsApp+Image+2024-09-03+at+18.59.19.jpg]
[images.squarespace-cdn.com/content/v1/66bf56f904042f37893c3c18/1725379204045-2012YZA22KJ84RZTI2IC/WhatsApp+Image+2024-09-03+at+18.59.29.jpg]
[luxury-barber.co.uk/index.html]
[i.ibb.co/d5p8x1h/Whats-App-Image-2024-09-03-at-18-59-08.jpg]
[i.ibb.co/7WCQtzf/2022-06-19.jpg]
[luxury-barber.co.uk/shop.html]
[i.ibb.co/92SnX5V/Whats-App-Image-2024-09-03-at-18-59-29.jpg]
[luxury-barber.co.uk/stories.html]
[luxury-barber.co.uk/images/barber-shop.79.delayed]
[luxury-barber.co.uk/pimlico-2.html]
[i.ibb.co/hgQFgyz/Whats-App-Image-2024-06-24-at-5-21-23-PM.jpg]
[i.ibb.co/HhNFbtS/Whats-App-Image-2024-06-24-at-5-21-22-PM-2.jpg]
[i.ibb.co/CKMKbGK/Whats-App-Image-2024-06-24-at-5-21-25-PM-3.jpg]
[luxury-barber.co.uk/services.7d.delayed]
[luxury-barber.co.uk/evolutionofbarbers.html]
[luxury-barber.co.uk/christmas-in-pimlico-1.html]
[assets.squarespace.com/universal/scripts-compressed/extract-css-runtime-702447e0617e1c63a8d9-min.en-US.js]
[luxury-barber.co.uk/bloga409]
[luxury-barber.co.uk/blog/top-10-traending-mens-haircuts-for-2024.html]
[images.squarespace-cdn.com/content/v1/66bf56f904042f37893c3c18/1734812117984-VDHWYZOH4SW863C69CVP/FileStorage.DesignFile+16.png]
[luxury-barber.co.uk/blog.html]
[luxury-barber.co.uk/from-our-experts.html]
[cdnjs.cloudflare.com/ajax/libs/font-awesome/6.0.0/css/all.min.css]
[cdnjs.cloudflare.com/ajax/libs/gsap/3.12.2/gsap.min.js]
[luxury-barber.co.uk/api/placeholder/1920/1080.84.delayed]
[luxury-barber.co.uk/another-day-another-cut.html]
[luxury-barber.co.uk/api/placeholder/1920/600.85.delayed]
[luxury-barber.co.uk/traditional-straight-razor-shaving.html]
[i.ibb.co/2js14hm/pixelcut-export.png]
[i.ibb.co/sHNBjsj/Black-Tan-Minimalist-Barber-Shop-Business-Card-4.png]
[luxury-barber.co.uk/our-products.html]
[i.ibb.co/CHdjDsr/Untitled-design-99.png]
[i.ibb.co/48H10s6/Whats-App-Image-2024-06-24-at-5-20-28-PM-2.jpg]
[i.ibb.co/tX49thS/Untitled-design-98.png]
[luxury-barber.co.uk/why-luxury.html]
[luxury-barber.co.uk/new-page-1.html]
[luxury-barber.co.uk/book-now.8b.delayed]
[luxury-barber.co.uk/online-booking.html]
[i.ibb.co/CBZxMc9/pixelcut-export-7.png]
[luxury-barber.co.uk/beardcare.html]
[cdnjs.cloudflare.com/ajax/libs/font-awesome/6.5.1/css/all.min.css]
[luxury-barber.co.uk/api/placeholder/1000/400.8e.delayed]
[luxury-barber.co.uk/hidden-gem-in-pimlico.html]
[kit.fontawesome.com/a076d05399.8f.delayed]
[luxury-barber.co.uk/barbershop-1.html]
[luxury-barber.co.uk/december-barbers.html]
[i.ibb.co/wgTYPdv/Untitled-design-66.png]
[luxury-barber.co.uk/localbarber.html]
[luxury-barber.co.uk/api/placeholder/1200/400.91.delayed]
[luxury-barber.co.uk/gift-card.html]
[images.squarespace-cdn.com/content/v1/66bf56f904042f37893c3c18/71a67452-53cc-4550-817a-299de5943beb/Untitled+image+(19).png]
[images.squarespace-cdn.com/content/v1/66bf56f904042f37893c3c18/68dc4060-14de-44fe-b1f3-760efc2caf82/WhatsApp+Image+2024-06-24+at+5.21.26+PM+(1).jpg]
[images.squarespace-cdn.com/content/v1/66bf56f904042f37893c3c18/9f4779c0-32f0-44b6-b163-a5b367712933/WhatsApp+Image+2024-06-24+at+5.21.25+PM+(2).jpg]
[luxury-barber.co.uk/about-us.html]
[luxury-barber.co.uk/contact.html]
[luxury-barber.co.uk/cart.html]
[cdnjs.cloudflare.com/ajax/libs/font-awesome/6.0.0-beta3/css/all.min.css]
[embed.acuityscheduling.com/js/embed.js]
[images.squarespace-cdn.com/content/v1/65ca4791d8c987735d654f45/e6c341e3-ee43-4d64-a261-d3f302b88526/Looped-portrait-01.jpg]
[images.squarespace-cdn.com/content/v1/65ca4791d8c987735d654f45/990d88cd-facb-4e9d-98af-80a67cbc252b/Looped-portrait-06.jpg]
[images.squarespace-cdn.com/content/v1/65ca4791d8c987735d654f45/3ad6ccfb-41ee-4b48-8621-b7f48ce95e56/Looped-portrait-02.jpg]
[luxury-barber.co.uk/appointments.html]
[assets.squarewebsites.org/custom-filter/custom-filter.min.css]
[assets.squarewebsites.org/custom-filter/custom-filter.min.js]
[luxury-barber.co.uk/shop/gift-card.html]
[luxury-barber.co.uk/shop/dust.html]
[luxury-barber.co.uk/shop/spray.html]
[luxury-barber.co.uk/shop/shampoo.html]
[luxury-barber.co.uk/shop/gum.html]
[luxury-barber.co.uk/shop/moisturiser.html]
[luxury-barber.co.uk/shop/pomade.html]
[luxury-barber.co.uk/shop/mask.html]
[luxury-barber.co.uk/shop/clay.html]
[luxury-barber.co.uk/shop/oil.html]
[luxury-barber.co.uk/shop/packages.html]
[luxury-barber.co.uk/shop/wax.html]
[luxury-barber.co.uk/shop/cream.html]
[luxury-barber.co.uk/shop/paste.html]
[images.squarespace-cdn.com/content/v1/66bf56f904042f37893c3c18/ff957c0c-97f7-4b08-a076-082ac6faba58/Black+&+Tan+Minimalist+Barber+Shop+Business+Card+(Instagram+Post).png]
[luxury-barber.co.uk/shop/p/usia7ywt74exoup9apcmi56klpo3q3-89wgt-ajfbw-8m83j.html]
[assets.squarespace.com/universal/scripts-compressed/commerce-checkout-db7ee82c9944802485e6-min.en-US.js]
[luxury-barber.co.uk/shop/p/usia7ywt74exoup9apcmi56klpo3q3-89wgt-ajfbw.html]
[luxury-barber.co.uk/shop/p/usia7ywt74exoup9apcmi56klpo3q3-89wgt.html]
[luxury-barber.co.uk/shop/p/usia7ywt74exoup9apcmi56klpo3q3.html]
[images.squarespace-cdn.com/content/v1/66bf56f904042f37893c3c18/11430080-163c-4124-9527-78a1caa3f2fe/Black+&+Tan+Minimalist+Barber+Shop+Business+Card+(Instagram+Post).png]
[luxury-barber.co.uk/shop/p/moulding-cream.html]
[images.squarespace-cdn.com/content/v1/66bf56f904042f37893c3c18/358238d7-8449-49a3-83f6-716d5a918489/Untitled+image+(34).png]
[luxury-barber.co.uk/shop/p/charcoal-mask.html]
[images.squarespace-cdn.com/content/v1/66bf56f904042f37893c3c18/0f9e06da-5f7c-42c8-83c1-e5ce0f38feb2/Charcoal+Mask.png]
[luxury-barber.co.uk/shop/p/defining-cream.html]
[images.squarespace-cdn.com/content/v1/66bf56f904042f37893c3c18/a1e9744e-eccd-4001-9581-26c6ec4331dc/Defining+Cream.png]
[luxury-barber.co.uk/shop/p/texture-paste.html]
[images.squarespace-cdn.com/content/v1/66bf56f904042f37893c3c18/8009fa99-738f-4934-bf8b-c0984550cd14/Untitled+image+(29).png]
[luxury-barber.co.uk/shop/p/beard-wax.html]
[images.squarespace-cdn.com/content/v1/66bf56f904042f37893c3c18/62607a0a-e04f-4019-a9c8-2988d8710159/Beard+Wax+(1).png]
[images.squarespace-cdn.com/content/v1/66bf56f904042f37893c3c18/528fd77c-da39-449c-a8b8-5a521c32e4c8/Untitled+image+(25).jpg]
[luxury-barber.co.uk/shop/p/dry-matte-clay.html]
[images.squarespace-cdn.com/content/v1/66bf56f904042f37893c3c18/5fb95bca-289e-4723-a413-c7a477ca22d9/Untitled+image+(14).jpg]
[luxury-barber.co.uk/shop/p/shaping-paste.html]
[images.squarespace-cdn.com/content/v1/66bf56f904042f37893c3c18/a562336a-6b41-49d0-8c99-1a67808eabdd/Untitled+image+(25).png]
[luxury-barber.co.uk/shop/p/deluxe-pomade.html]
[images.squarespace-cdn.com/content/v1/66bf56f904042f37893c3c18/1c5e991b-b89a-4350-a066-363326d5158f/Untitled+image+(27).png]
[luxury-barber.co.uk/shop/p/fibre-gum.html]
[images.squarespace-cdn.com/content/v1/66bf56f904042f37893c3c18/474f3685-4da7-4fa0-bd50-651b1d816db4/Untitled+image+(16).jpg]
[images.squarespace-cdn.com/content/v1/66bf56f904042f37893c3c18/85318ebf-82c3-439e-a5f7-c46e714332a1/Untitled+image+(17).jpg]
[luxury-barber.co.uk/shop/p/package-argan-oil-beard-shampoo-beard-moisturiser-beard-oil.html]
[luxury-barber.co.uk/shop/p/package-beard-oil-beard-moisturiser-beard-wax.html]
[luxury-barber.co.uk/shop/p/package-beard-oil-beard-shampoo-beard-moisturiser-argan-oil-beard-wax.html]
[images.squarespace-cdn.com/content/v1/66bf56f904042f37893c3c18/e5b10590-545c-49bf-8de8-014ad05e6faf/Untitled+image+(20).jpg]
[images.squarespace-cdn.com/content/v1/66bf56f904042f37893c3c18/2924e0d4-87ea-4067-be57-4f179cee4acd/Untitled+image+(35).png]
[luxury-barber.co.uk/shop/p/argan-oil.html]
[luxury-barber.co.uk/shop/p/package-texture-spray-volumising-dust-ocean-salt-spray.html]
[images.squarespace-cdn.com/content/v1/66bf56f904042f37893c3c18/ac8f3e55-b8e7-4361-b06a-ee3c46cd6c56/Productphoto-470031828996-01-WhatsAppImage2024-09-03at18.32.11+(1).jpg]
[images.squarespace-cdn.com/content/v1/66bf56f904042f37893c3c18/fd2229fb-1a23-4d75-94c0-194b614c8931/Untitled+image+(39).png]
[luxury-barber.co.uk/shop/p/ocean-salt-spray.html]
[images.squarespace-cdn.com/content/v1/66bf56f904042f37893c3c18/2bc5068b-f942-4031-ac0d-8f61cb269bd3/Untitled+image+(37).png]
[luxury-barber.co.uk/shop/p/texture-spray.html]
[luxury-barber.co.uk/shop/p/volumising-dust.html]
[images.squarespace-cdn.com/content/v1/66bf56f904042f37893c3c18/27a154be-4d74-4ae8-9765-25605020c348/Untitled+image+(40).png]
[images.squarespace-cdn.com/content/v1/66bf56f904042f37893c3c18/5b3e5338-7101-4a7e-a5aa-859ad324c1ac/Untitled+image+(24).jpg]
[luxury-barber.co.uk/shop/p/beard-oil-beard-moisturiser.html]
[images.squarespace-cdn.com/content/v1/66bf56f904042f37893c3c18/a72f9e91-2fdb-4123-a670-2960d81be292/Untitled+image+(23).jpg]
[luxury-barber.co.uk/shop/p/beard-oil.html]
[images.squarespace-cdn.com/content/v1/66bf56f904042f37893c3c18/849f0f70-cea9-4406-a820-22c1c17ba73e/Untitled+image+(32).png]
[images.squarespace-cdn.com/content/v1/66bf56f904042f37893c3c18/93a263c6-254f-4c4b-a8e5-9caf27935858/Untitled+image+(31).png]
[luxury-barber.co.uk/shop/p/beard-moisturiser.html]
[luxury-barber.co.uk/shop/p/beard-shampoo-moisturiser-oil.html]
[images.squarespace-cdn.com/content/v1/66bf56f904042f37893c3c18/d08092bc-9521-4534-b252-47aa4e5e5aa4/Untitled+image+(33).png]
[luxury-barber.co.uk/shop/p/package-beard-oil-beard-shampoo-beard-wax-hair-wax.html]
[images.squarespace-cdn.com/content/v1/66bf56f904042f37893c3c18/34656cb0-383f-4830-b1e8-d12bb2c75b0b/Productphoto-468065712388-04-WhatsAppImage2024-09-03at18.19.00.jpg]
[luxury-barber.co.uk/shop/p/usia7ywt74exoup9apcmi56klpo3q3-89wgt-ajfbw-8m83j-3ek2d-tpnlw-l27tj.html]
[luxury-barber.co.uk/shop/p/usia7ywt74exoup9apcmi56klpo3q3-89wgt-ajfbw-8m83j-3ek2d-tpnlw.html]
[luxury-barber.co.uk/shop/p/beard-shampoo.html]
[images.squarespace-cdn.com/content/v1/66bf56f904042f37893c3c18/47188794-19cc-4ef0-a137-c8caccbd9d20/Black+&+Tan+Minimalist+Barber+Shop+Business+Card+(Instagram+Post).png]
[luxury-barber.co.uk/shop.html]
[luxury-barber.co.uk/images/barber-shop.html]
[luxury-barber.co.uk/services.html]
[images.squarespace-cdn.com/content/66bf56f904042f37893c3c18/1734812117984-VDHWYZOH4SW863C69CVP/FileStorage.DesignFile+162acd.png]
[luxury-barber.co.uk/blog/top-10-traending-mens-haircuts-for-2024.html]
[cdnjs.cloudflare.com/ajax/libs/font-awesome/6.0.0/css/all.min.css]
[luxury-barber.co.uk/api/placeholder/1920/1080.html]
[luxury-barber.co.uk/api/placeholder/1920/600.html]
[luxury-barber.co.uk/book-now.html]
[cdnjs.cloudflare.com/ajax/libs/font-awesome/6.5.1/css/all.min.css]
[luxury-barber.co.uk/api/placeholder/1000/400.html]
[kit.fontawesome.com/a076d05399.html]
[luxury-barber.co.uk/api/placeholder/1200/400.html]
[assets.squarewebsites.org/custom-filter/custom-filter.min.css]
[luxury-barber.co.uk/blog095b.html]
[assets.squarewebsites.org/custom-filter/custom-filter.min.js]
[luxury-barber.co.uk/shop/gift-card.html]
[luxury-barber.co.uk/shop/dust.html]
[luxury-barber.co.uk/shop/spray.html]
[luxury-barber.co.uk/shop/p/usia7ywt74exoup9apcmi56klpo3q3-89wgt-ajfbw-8m83j-3ek2d.html]
[luxury-barber.co.uk/shop/shampoo.html]
[luxury-barber.co.uk/shop/gum.html]
[luxury-barber.co.uk/shop/moisturiser.html]
[assets.squarewebsites.org/custom-filter/custom-filter-admine9d4.js]
[luxury-barber.co.uk/shop/pomade.html]
[luxury-barber.co.uk/shop/mask.html]
[luxury-barber.co.uk/shop/clay.html]
[luxury-barber.co.uk/shop/oil.html]
[luxury-barber.co.uk/shop/packages.html]
[luxury-barber.co.uk/shop/wax.html]
[luxury-barber.co.uk/shop/cream.html]
[luxury-barber.co.uk/shop/paste.html]
[images.squarespace-cdn.com/content/66bf56f904042f37893c3c18/ff957c0c-97f7-4b08-a076-082ac6faba58/Black+&+Tan+Minimalist+Barber+Shop+Business+Card+(Instagram+Post)5d45.png]
[luxury-barber.co.uk/shop/p/usia7ywt74exoup9apcmi56klpo3q3-89wgt-ajfbw-8m83j.html]
[luxury-barber.co.uk/shop/p/usia7ywt74exoup9apcmi56klpo3q3-89wgt-ajfbw.html]
[luxury-barber.co.uk/shop/p/usia7ywt74exoup9apcmi56klpo3q3-89wgt.html]
[images.squarespace-cdn.com/content/66bf56f904042f37893c3c18/11430080-163c-4124-9527-78a1caa3f2fe/Black+&+Tan+Minimalist+Barber+Shop+Business+Card+(Instagram+Post)5d45.png]
[luxury-barber.co.uk/shop/p/usia7ywt74exoup9apcmi56klpo3q3.html]
[images.squarespace-cdn.com/content/66bf56f904042f37893c3c18/358238d7-8449-49a3-83f6-716d5a918489/Untitled+image+(34)2acd.png]
[luxury-barber.co.uk/shop/p/moulding-cream.html]
[images.squarespace-cdn.com/content/66bf56f904042f37893c3c18/0f9e06da-5f7c-42c8-83c1-e5ce0f38feb2/Charcoal+Mask2acd.png]
[luxury-barber.co.uk/shop/p/charcoal-mask.html]
[images.squarespace-cdn.com/content/66bf56f904042f37893c3c18/a1e9744e-eccd-4001-9581-26c6ec4331dc/Defining+Cream2acd.png]
[luxury-barber.co.uk/shop/p/defining-cream.html]
[images.squarespace-cdn.com/content/66bf56f904042f37893c3c18/8009fa99-738f-4934-bf8b-c0984550cd14/Untitled+image+(29)2acd.png]
[luxury-barber.co.uk/shop/p/texture-paste.html]
[images.squarespace-cdn.com/content/66bf56f904042f37893c3c18/62607a0a-e04f-4019-a9c8-2988d8710159/Beard+Wax+(1)2acd.png]
[luxury-barber.co.uk/shop/p/beard-wax.html]
[images.squarespace-cdn.com/content/66bf56f904042f37893c3c18/528fd77c-da39-449c-a8b8-5a521c32e4c8/Untitled+image+(25)43a3.jpg]
[luxury-barber.co.uk/shop/p/shaping-paste.html]
[images.squarespace-cdn.com/content/66bf56f904042f37893c3c18/5fb95bca-289e-4723-a413-c7a477ca22d9/Untitled+image+(14)43a3.jpg]
[luxury-barber.co.uk/shop/p/dry-matte-clay.html]
[images.squarespace-cdn.com/content/66bf56f904042f37893c3c18/a562336a-6b41-49d0-8c99-1a67808eabdd/Untitled+image+(25)5d45.png]
[luxury-barber.co.uk/shop/p/deluxe-pomade.html]
[images.squarespace-cdn.com/content/66bf56f904042f37893c3c18/1c5e991b-b89a-4350-a066-363326d5158f/Untitled+image+(27)2acd.png]
[luxury-barber.co.uk/shop/p/fibre-gum.html]
[images.squarespace-cdn.com/content/66bf56f904042f37893c3c18/474f3685-4da7-4fa0-bd50-651b1d816db4/Untitled+image+(16)43a3.jpg]
[luxury-barber.co.uk/shop/p/package-beard-oil-beard-moisturiser-beard-wax.html]
[images.squarespace-cdn.com/content/66bf56f904042f37893c3c18/85318ebf-82c3-439e-a5f7-c46e714332a1/Untitled+image+(17)43a3.jpg]
[luxury-barber.co.uk/shop/p/package-argan-oil-beard-shampoo-beard-moisturiser-beard-oil.html]
[images.squarespace-cdn.com/content/66bf56f904042f37893c3c18/e5b10590-545c-49bf-8de8-014ad05e6faf/Untitled+image+(20)43a3.jpg]
[luxury-barber.co.uk/shop/p/package-beard-oil-beard-shampoo-beard-moisturiser-argan-oil-beard-wax.html]
[images.squarespace-cdn.com/content/66bf56f904042f37893c3c18/2924e0d4-87ea-4067-be57-4f179cee4acd/Untitled+image+(35)2acd.png]
[luxury-barber.co.uk/shop/p/argan-oil.html]
[images.squarespace-cdn.com/content/66bf56f904042f37893c3c18/ac8f3e55-b8e7-4361-b06a-ee3c46cd6c56/Productphoto-470031828996-01-WhatsAppImage2024-09-03at18.32.11+(1)ee8a.jpg]
[luxury-barber.co.uk/shop/p/package-texture-spray-volumising-dust-ocean-salt-spray.html]
[images.squarespace-cdn.com/content/66bf56f904042f37893c3c18/fd2229fb-1a23-4d75-94c0-194b614c8931/Untitled+image+(39)2acd.png]
[luxury-barber.co.uk/shop/p/texture-spray.html]
[images.squarespace-cdn.com/content/66bf56f904042f37893c3c18/2bc5068b-f942-4031-ac0d-8f61cb269bd3/Untitled+image+(37)2acd.png]
[luxury-barber.co.uk/shop/p/ocean-salt-spray.html]
[images.squarespace-cdn.com/content/66bf56f904042f37893c3c18/27a154be-4d74-4ae8-9765-25605020c348/Untitled+image+(40)2acd.png]
[luxury-barber.co.uk/shop/p/volumising-dust.html]
[images.squarespace-cdn.com/content/66bf56f904042f37893c3c18/5b3e5338-7101-4a7e-a5aa-859ad324c1ac/Untitled+image+(24)43a3.jpg]
[luxury-barber.co.uk/shop/p/beard-oil-beard-moisturiser.html]
[images.squarespace-cdn.com/content/66bf56f904042f37893c3c18/a72f9e91-2fdb-4123-a670-2960d81be292/Untitled+image+(23)ee8a.jpg]
[luxury-barber.co.uk/shop/p/beard-shampoo-moisturiser-oil.html]
[images.squarespace-cdn.com/content/66bf56f904042f37893c3c18/849f0f70-cea9-4406-a820-22c1c17ba73e/Untitled+image+(32)2acd.png]
[luxury-barber.co.uk/shop/p/beard-oil.html]
[images.squarespace-cdn.com/content/66bf56f904042f37893c3c18/93a263c6-254f-4c4b-a8e5-9caf27935858/Untitled+image+(31)2acd.png]
[luxury-barber.co.uk/shop/p/beard-moisturiser.html]
[images.squarespace-cdn.com/content/66bf56f904042f37893c3c18/d08092bc-9521-4534-b252-47aa4e5e5aa4/Untitled+image+(33)2acd.png]
[luxury-barber.co.uk/shop/p/beard-shampoo.html]
[images.squarespace-cdn.com/content/66bf56f904042f37893c3c18/34656cb0-383f-4830-b1e8-d12bb2c75b0b/Productphoto-468065712388-04-WhatsAppImage2024-09-03at18.19.00ee8a.jpg]
[luxury-barber.co.uk/shop/p/package-beard-oil-beard-shampoo-beard-wax-hair-wax.html]
[luxury-barber.co.uk/shop/p/usia7ywt74exoup9apcmi56klpo3q3-89wgt-ajfbw-8m83j-3ek2d-tpnlw-l27tj.html]
[luxury-barber.co.uk/shop/p/usia7ywt74exoup9apcmi56klpo3q3-89wgt-ajfbw-8m83j-3ek2d-tpnlw.html]
[images.squarespace-cdn.com/content/66bf56f904042f37893c3c18/47188794-19cc-4ef0-a137-c8caccbd9d20/Black+&+Tan+Minimalist+Barber+Shop+Business+Card+(Instagram+Post)5d45.png]
[luxury-barber.co.uk/shop/p/usia7ywt74exoup9apcmi56klpo3q3-89wgt-ajfbw-8m83j-3ek2d.html]
[luxury-barber.co.uk/blog095b.html]
[assets.squarewebsites.org/utils/tingle-modal/tingle.min.js]
[assets.squarewebsites.org/custom-filter/custom-filter-admine9d4.js]
[assets.squarewebsites.org/utils/tingle-modal/tingle.min.js]
[assets.squarewebsites.org/utils/tingle-modal/tingle.min.css]
[assets.squarewebsites.org/utils/tingle-modal/tingle.min.css]
